#-----------------------------------------------------------
# Vivado v2021.1 (64-bit)
# SW Build 3247384 on Thu Jun 10 19:36:07 MDT 2021
# IP Build 3246043 on Fri Jun 11 00:30:35 MDT 2021
# Start of session at: Fri Aug 30 11:58:00 2024
# Process ID: 24757
# Current directory: /home/uclame0teststand/Documents/Segment_Finder/me0sf_nick/me0sf_optimization_update/me0sf
# Command line: vivado
# Log file: /home/uclame0teststand/Documents/Segment_Finder/me0sf_nick/me0sf_optimization_update/me0sf/vivado.log
# Journal file: /home/uclame0teststand/Documents/Segment_Finder/me0sf_nick/me0sf_optimization_update/me0sf/vivado.jou
#-----------------------------------------------------------
start_gui
open_project /home/uclame0teststand/Documents/Segment_Finder/me0sf_nick/me0sf_optimization_update/vivado_pat_unit_mux/SW_opt_pat_unit_mux.xpr
update_compile_order -fileset sources_1
set_property source_mgmt_mode DisplayOnly [current_project]
reset_run synth_1
launch_runs impl_1 -jobs 12
wait_on_run impl_1
reset_run synth_1
launch_runs impl_1 -jobs 12
wait_on_run impl_1
open_run impl_1
# Disabling source management mode.  This is to allow the top design properties to be set without GUI intervention.
set_property source_mgmt_mode None [current_project]
set_property top chamber [current_fileset]
# Re-enabling previously disabled source management mode.
set_property source_mgmt_mode DisplayOnly [current_project]
reset_run synth_1
launch_runs impl_1 -jobs 12
wait_on_run impl_1
# Disabling source management mode.  This is to allow the top design properties to be set without GUI intervention.
set_property source_mgmt_mode None [current_project]
set_property top top_level [current_fileset]
# Re-enabling previously disabled source management mode.
set_property source_mgmt_mode DisplayOnly [current_project]
reset_run synth_1
launch_runs impl_1 -jobs 12
wait_on_run impl_1
