#-----------------------------------------------------------
# Vivado v2021.1 (64-bit)
# SW Build 3247384 on Thu Jun 10 19:36:07 MDT 2021
# IP Build 3246043 on Fri Jun 11 00:30:35 MDT 2021
# Start of session at: Mon Aug 26 14:42:15 2024
# Process ID: 54408
# Current directory: /home/uclame0teststand/Documents/Segment_Finder/me0sf_nick/me0sf_optimization_update/me0sf/road/hdl
# Command line: vivado
# Log file: /home/uclame0teststand/Documents/Segment_Finder/me0sf_nick/me0sf_optimization_update/me0sf/road/hdl/vivado.log
# Journal file: /home/uclame0teststand/Documents/Segment_Finder/me0sf_nick/me0sf_optimization_update/me0sf/road/hdl/vivado.jou
#-----------------------------------------------------------
start_gui
open_project /home/uclame0teststand/Documents/Segment_Finder/me0sf_nick/me0sf_optimization_update/vivado_project/SW_optimizations.xpr
update_compile_order -fileset sources_1
reset_run synth_1
launch_runs impl_1 -jobs 12
wait_on_run impl_1
open_run impl_1
reset_run synth_1
launch_runs impl_1 -jobs 12
wait_on_run impl_1
reset_run synth_1
launch_runs impl_1 -jobs 12
wait_on_run impl_1
reset_run synth_1
launch_runs impl_1 -jobs 12
wait_on_run impl_1
reset_run synth_1
launch_runs impl_1 -jobs 12
wait_on_run impl_1
reset_run synth_1
launch_runs impl_1 -jobs 12
wait_on_run impl_1
reset_run synth_1
launch_runs synth_1 -jobs 12
wait_on_run synth_1
reset_run synth_1
launch_runs impl_1 -jobs 12
wait_on_run impl_1
reset_run synth_1
launch_runs impl_1 -jobs 12
wait_on_run impl_1
refresh_design
reset_run synth_1
launch_runs impl_1 -jobs 12
wait_on_run impl_1
reset_run synth_1
launch_runs impl_1 -jobs 12
wait_on_run impl_1
refresh_design
reset_run synth_1
launch_runs impl_1 -jobs 12
wait_on_run impl_1
reset_run synth_1
launch_runs impl_1 -jobs 12
wait_on_run impl_1
reset_run synth_1
launch_runs impl_1 -jobs 12
wait_on_run impl_1
reset_run synth_1
launch_runs impl_1 -jobs 12
wait_on_run impl_1
refresh_design
reset_run synth_1
launch_runs impl_1 -jobs 12
wait_on_run impl_1
refresh_design
reset_run synth_1
launch_runs impl_1 -jobs 12
wait_on_run impl_1
refresh_design
reset_run synth_1
launch_runs impl_1 -jobs 12
wait_on_run impl_1
refresh_design
reset_run synth_1
launch_runs impl_1 -jobs 12
wait_on_run impl_1
refresh_design
report_utilization -name utilization_1
reset_run synth_1
launch_runs impl_1 -jobs 12
wait_on_run impl_1
refresh_design
reset_run synth_1
launch_runs impl_1 -jobs 12
wait_on_run impl_1
refresh_design
reset_run synth_1
launch_runs impl_1 -jobs 12
wait_on_run impl_1
reset_run synth_1
launch_runs impl_1 -jobs 12
wait_on_run impl_1
refresh_design
